// Jest Snapshot v1, https://goo.gl/fbAQLP

exports[`Header renders correctly 1`] = `
<div
  className="headerdiv"
>
  <div
    className="subdiv"
  >
    <h1
      className="headerh1"
    >
      CRYPTO MARKET VALUE
    </h1>
    <p
      className="headerh2"
    >
      100 coins
    </p>
  </div>
</div>
`;
