// Jest Snapshot v1, https://goo.gl/fbAQLP

exports[`CoinsDetailsSlice renders correctly 1`] = `
<div>
  <h2>
    Something went wrong:
  </h2>
  <p>
    Objects are not valid as a React child (found: object with keys {}). If you meant to render a collection of children, use an array instead.
  </p>
  <button
    onClick={[Function]}
    type="button"
  >
    Try again
  </button>
</div>
`;
